<head>
    <meta charset="UTF-8">
    <title>Swagger UI</title>

    
    
    
    
    
    
    
    
    
    
    
    
    
    
    
    
    



    

</head>

<body class="swagger-section" style="margin: 0; padding: 0; border: 0; font-size: 100%; font: inherit; vertical-align: baseline; line-height: 1;">

<div id="message-bar" class="swagger-ui-wrap message-success" data-sw-translate="" style="margin: 0; border: 0; font-size: 100%; font: inherit; vertical-align: baseline; padding: 0; line-height: 1; font-family: 'Droid Sans', sans-serif; max-width: 960px; margin-left: auto; margin-right: auto; min-height: 30px; text-align: center; padding-top: 10px;"></div>
<div id="swagger-ui-container" class="swagger-ui-wrap" style="vertical-align: baseline; margin: 0; border: 0; font-size: 100%; font: inherit; padding: 0; line-height: 1; font-family: 'Droid Sans', sans-serif; max-width: 960px; margin-left: auto; margin-right: auto;"><div class="info" id="api_info" style="margin: 0; padding: 0; border: 0; font-size: 100%; font: inherit; vertical-align: baseline;">
  <div class="info_title" style="margin: 0; padding: 0; border: 0; font: inherit; vertical-align: baseline; font-size: 25px; padding-bottom: 10px; font-weight: bold;">Test Swagger</div>
  <div class="info_description markdown" style="margin: 0; padding: 0; border: 0; font: inherit; vertical-align: baseline; font-size: 15px; padding-bottom: 10px;"></div>
  
  
  
  
  
</div>
<div class="container" id="resources_container" style="margin: 0; padding: 0; border: 0; font-size: 100%; font: inherit; vertical-align: baseline;">
  <ul id="resources" style="margin: 0; padding: 0; border: 0; font: inherit; vertical-align: baseline; list-style: none; font-size: 0.9em; font-family: 'Droid Sans', sans-serif;"><li id="resource_default" class="resource" style="margin: 0; padding: 0; border: 0; font-size: 100%; font: inherit; vertical-align: baseline; border-bottom: none;"><div class="heading" style="margin: 0; padding: 0; font-size: 100%; font: inherit; vertical-align: baseline; border: 1px solid transparent; float: none; clear: both; overflow: hidden; display: block;">
  <h2 style="margin: 0; border: 0; font: inherit; vertical-align: baseline; font-size: 1.3em; padding: 10px 0 10px 0; font-weight: bold; padding-left: 0; display: block; clear: none; float: left; font-family: 'Droid Sans', sans-serif; color: #999999;">
    <a href="#!/default" class="toggleEndpointList" data-id="default" style="margin: 0; padding: 0; border: 0; font-size: 100%; font: inherit; vertical-align: baseline; text-decoration: none; color: #999999;">default</a> 
  </h2>
  <ul class="options" style="vertical-align: baseline; border: 0; font-size: 100%; font: inherit; list-style: none; padding: 0; margin: 14px 10px 0 0; overflow: hidden; display: none; clear: none; float: right;">
    <li style="vertical-align: baseline; border: 0; font: inherit; font-size: 0.9em; margin: 0; padding: 2px 10px; float: left; clear: none; border-right: 1px solid #dddddd; color: #666666; padding-left: 0;">
      <a href="#!/default" id="endpointListTogger_default" class="toggleEndpointList" data-id="default" data-sw-translate="" style="margin: 0; padding: 0; border: 0; font-size: 100%; font: inherit; vertical-align: baseline; color: #aaaaaa; text-decoration: none;">Show/Hide</a>
    </li>
    <li style="border: 0; font: inherit; vertical-align: baseline; margin: 0; padding: 2px 10px; font-size: 0.9em; float: left; clear: none; border-right: 1px solid #dddddd; color: #666666;">
      <a href="#" class="collapseResource" data-id="default" data-sw-translate="" style="margin: 0; padding: 0; border: 0; font-size: 100%; font: inherit; vertical-align: baseline; color: #aaaaaa; text-decoration: none;">
        List Operations
      </a>
    </li>
    <li style="vertical-align: baseline; border: 0; font: inherit; font-size: 0.9em; margin: 0; padding: 2px 10px; float: left; clear: none; color: #666666; border-right: none; padding-right: 0;">
      <a href="#" class="expandResource" data-id="default" data-sw-translate="" style="margin: 0; padding: 0; border: 0; font-size: 100%; font: inherit; vertical-align: baseline; color: #aaaaaa; text-decoration: none;">
        Expand Operations
      </a>
    </li>
  </ul>
</div>
<ul class="endpoints" id="default_endpoint_list" style="margin: 0; padding: 0; border: 0; font-size: 100%; font: inherit; vertical-align: baseline; list-style: none; display: block;">

<li class="endpoint" style="margin: 0; padding: 0; border: 0; font-size: 100%; font: inherit; vertical-align: baseline;">
  <ul class="operations" style="margin: 0; padding: 0; border: 0; font-size: 100%; font: inherit; vertical-align: baseline; list-style: none; padding-left: 0;">
    <li class="get operation" id="default_get_test" style="border: 0; font-size: 100%; font: inherit; vertical-align: baseline; margin: 0 0 10px; padding: 0; float: none; clear: both; overflow: hidden; display: block;">
      <div class="heading" style="vertical-align: baseline; font-size: 100%; font: inherit; margin: 0; display: block; padding: 0; float: none; clear: both; overflow: hidden; border: 1px solid #c3d9ec; background-color: #e7f0f7;">
        <h3 style="border: 0; font: inherit; vertical-align: baseline; font-size: 1.1em; display: block; margin: 0; padding: 0; clear: none; float: left; width: auto; line-height: 1.1em; color: black;">
          <span class="http_method" style="border: 0; font-size: 100%; font: inherit; vertical-align: baseline; margin: 0; padding: 0;">
          <a href="#!/default/get_test" class="toggleOperation" style="margin: 0; border: 0; vertical-align: baseline; font: inherit; background-color: #0f6ab4; -moz-border-radius: 2px; font-size: 0.7em; color: white; text-transform: uppercase; padding: 7px 0 4px; width: 50px; text-align: center; text-decoration: none; -webkit-border-radius: 2px; -o-border-radius: 2px; -ms-border-radius: 2px; -khtml-border-radius: 2px; border-radius: 2px; display: inline-block;">get</a>
          </span>
          <span class="path" style="border: 0; font-size: 100%; font: inherit; vertical-align: baseline; margin: 0; padding: 0; padding-left: 10px;">
          <a href="#!/default/get_test" class="toggleOperation " style="margin: 0; padding: 0; border: 0; font-size: 100%; font: inherit; vertical-align: baseline; text-decoration: none; color: black;">/test</a>
          </span>
        </h3>
        <ul class="options" style="vertical-align: baseline; border: 0; font-size: 100%; font: inherit; list-style: none; padding: 0; margin: 6px 10px 0 0; overflow: hidden; display: block; clear: none; float: right;">
          <li style="border: 0; font: inherit; vertical-align: baseline; border-right: none; padding-right: 0; border-right-color: #c3d9ec; color: #0f6ab4; padding-left: 0; margin: 0; font-size: 0.9em; padding: 2px 10px; clear: none; float: left;">
          <a href="#!/default/get_test" class="toggleOperation" style="margin: 0; padding: 0; border: 0; font-size: 100%; font: inherit; vertical-align: baseline; color: #0f6ab4; text-decoration: none;"></a>
          </li>
        </ul>
      </div>
      <div class="content" id="default_get_test_content" style="font-size: 100%; font: inherit; vertical-align: baseline; -ms-border-bottom-left-radius: 6px; -o-border-bottom-left-radius: 6px; -moz-border-radius-bottomleft: 6px; -webkit-border-bottom-left-radius: 6px; margin: 0 0 20px; padding: 10px; -khtml-border-bottom-left-radius: 6px; border-bottom-left-radius: 6px; -moz-border-radius-bottomright: 6px; -webkit-border-bottom-right-radius: 6px; -o-border-bottom-right-radius: 6px; -ms-border-bottom-right-radius: 6px; -khtml-border-bottom-right-radius: 6px; border-bottom-right-radius: 6px; border: 1px solid #c3d9ec; background-color: #ebf3f9; border-top: none; display: block;">
        <h4 style="border: 0; font: inherit; vertical-align: baseline; margin: 0; padding: 15px 0 5px; font-size: 1.1em; color: #0f6ab4;"><span data-sw-translate="" style="margin: 0; padding: 0; border: 0; font-size: 100%; font: inherit; vertical-align: baseline;">Implementation Notes</span></h4>
        <div class="markdown" style="margin: 0; padding: 0; border: 0; font-size: 100%; font: inherit; vertical-align: baseline;"><p style="margin: 0; border: 0; font-size: 100%; font: inherit; vertical-align: baseline; padding: 0 0 10px; line-height: 1.4em; color: #333333;">Returns all pets from the system that the user has access to</p>
</div>

        
          <h4 style="border: 0; font: inherit; vertical-align: baseline; margin: 0; padding: 15px 0 5px; font-size: 1.1em; color: #0f6ab4;"><span data-sw-translate="" style="margin: 0; padding: 0; border: 0; font-size: 100%; font: inherit; vertical-align: baseline;">Response Class</span> (<span data-sw-translate="" style="margin: 0; padding: 0; border: 0; font-size: 100%; font: inherit; vertical-align: baseline;">Status</span> 200)</h4>
            <div class="markdown" style="margin: 0; padding: 0; border: 0; font-size: 100%; font: inherit; vertical-align: baseline;"><p style="margin: 0; border: 0; font-size: 100%; font: inherit; vertical-align: baseline; padding: 0 0 10px; line-height: 1.4em; color: #333333;">A list of pets.</p>
</div>
          <p style="margin: 0; border: 0; font-size: 100%; font: inherit; vertical-align: baseline; padding: 0 0 10px; line-height: 1.4em; color: #333333;"><span class="model-signature" style="margin: 0; padding: 0; border: 0; font: inherit; vertical-align: baseline; font-size: 1em; font-family: 'Droid Sans', sans-serif; line-height: 1.5em;"><div style="margin: 0; padding: 0; border: 0; font-size: 100%; font: inherit; vertical-align: baseline;"><div style="margin: 0; padding: 0; border: 0; font-size: 100%; font: inherit; vertical-align: baseline;">
<ul class="signature-nav" style="border: 0; font-size: 100%; font: inherit; vertical-align: baseline; list-style: none; margin: 0; padding: 0; display: block;">
  <li style="border: 0; font-size: 100%; font: inherit; vertical-align: baseline; margin: 0 5px 5px 0; padding: 2px 5px 2px 0; float: left; border-right: 1px solid #ddd;"><a class="description-link selected" href="#" data-sw-translate="" style="margin: 0; padding: 0; border: 0; font-size: 100%; font: inherit; vertical-align: baseline; color: black; text-decoration: none;">Model</a></li>
  <li style="border: 0; font-size: 100%; font: inherit; vertical-align: baseline; margin: 0 5px 5px 0; padding: 2px 5px 2px 0; float: left; padding-right: 0; border-right: none;"><a class="snippet-link" href="#" data-sw-translate="" style="margin: 0; padding: 0; border: 0; font-size: 100%; font: inherit; vertical-align: baseline; color: #AAA; text-decoration: none;">Model Schema</a></li>
</ul>
<div style="margin: 0; padding: 0; border: 0; font-size: 100%; font: inherit; vertical-align: baseline;">

<div class="signature-container" style="margin: 0; padding: 0; border: 0; font-size: 100%; font: inherit; vertical-align: baseline; clear: both;">
  <div class="description" style="margin: 0; padding: 0; border: 0; font-size: 100%; font: inherit; vertical-align: baseline; display: block;">
    <span class="strong" style="margin: 0; padding: 0; border: 0; font: inherit; vertical-align: baseline; font-size: .9em; font-weight: bold; color: #000;">Inline Model [</span><div style="margin: 0; padding: 0; border: 0; font: inherit; vertical-align: baseline; font-size: 0.9em; line-height: 1.5em; margin-left: 1em;">pet</div><span class="strong" style="margin: 0; padding: 0; border: 0; font: inherit; vertical-align: baseline; font-size: .9em; font-weight: bold; color: #000;">]</span><br><span class="strong" style="margin: 0; padding: 0; border: 0; font: inherit; vertical-align: baseline; font-size: .9em; font-weight: bold; color: #000;">pet {</span><span class="strong" style="margin: 0; padding: 0; border: 0; font: inherit; vertical-align: baseline; font-size: .9em; font-weight: bold; color: #000;">}</span>
  </div>

  <div class="snippet" style="margin: 0; padding: 0; border: 0; font-size: 100%; font: inherit; vertical-align: baseline; display: none;">
    <pre style="margin: 0; font: inherit; vertical-align: baseline; background-color: #fcf6db; font-family: 'Anonymous Pro', 'Menlo', 'Consolas', 'Bitstream Vera Sans Mono', 'Courier New', monospace; border: 1px solid #e5e0c6; padding: 5px; font-size: .85em; margin-top: 5px; line-height: 1.2em; overflow: auto; max-height: none; cursor: pointer;"><code style="margin: 0; border: 0; font-size: 100%; font: inherit; vertical-align: baseline; padding: 0.5em; display: block; color: black; background: none; line-height: 1.6em;">[
  null
]</code></pre>
    <small class="notice" data-sw-translate="" style="margin: 0; padding: 0; border: 0; font: inherit; vertical-align: baseline; font-size: 0.75em;"></small>
  </div>
</div>

</div></div></div></span></p>
          <br>
          <div class="response-content-type" style="margin: 0; padding: 0; border: 0; font-size: 100%; font: inherit; vertical-align: baseline;"><div style="margin: 0; padding: 0; border: 0; font-size: 100%; font: inherit; vertical-align: baseline;"><label data-sw-translate="" for="rct0.778863652376458" style="margin: 0; padding: 0; border: 0; font-size: 100%; font: inherit; vertical-align: baseline;">Response Content Type</label>
application/json
</div></div>



        <form accept-charset="UTF-8" class="sandbox" style="margin: 0; padding: 0; border: 0; font-size: 100%; font: inherit; vertical-align: baseline;">
          <div style="border: 0; font-size: 100%; font: inherit; vertical-align: baseline; margin: 0; padding: 0; display: inline;"></div>
          <div class="sandbox_header" style="margin: 0; padding: 0; border: 0; font-size: 100%; font: inherit; vertical-align: baseline; float: none; clear: both; overflow: hidden; display: block;">
            
            <a href="#" class="response_hider" style="margin: 0; border: 0; font: inherit; vertical-align: baseline; color: #6fa5d2; padding: 4px 0 0 10px; font-size: 0.9em; display: none;" data-sw-translate="">Hide Response</a>
            <span class="response_throbber" style="vertical-align: baseline; padding: 0; border: 0; font-size: 100%; font: inherit; margin: 0; float: right; background-image: url('libs/swagger-ui/dist/images/throbber.gif'); width: 128px; height: 16px; clear: none; display: none;"></span>
          </div>
        </form>
        <div class="response" style="margin: 0; padding: 0; border: 0; font-size: 100%; font: inherit; vertical-align: baseline; display: none;">
          <h4 class="curl" style="border: 0; font: inherit; vertical-align: baseline; margin: 0; padding: 15px 0 5px; font-size: 1.1em; color: #0f6ab4;">Curl</h4>
          <div class="block curl" style="margin: 0; padding: 0; border: 0; font-size: 100%; font: inherit; vertical-align: baseline;"></div>
          <h4 data-sw-translate="" style="border: 0; font: inherit; vertical-align: baseline; margin: 0; padding: 15px 0 5px; font-size: 1.1em; color: #0f6ab4;">Request URL</h4>
          <div class="block request_url" style="margin: 0; padding: 0; border: 0; font-size: 100%; font: inherit; vertical-align: baseline;"></div>
          <h4 data-sw-translate="" style="border: 0; font: inherit; vertical-align: baseline; margin: 0; padding: 15px 0 5px; font-size: 1.1em; color: #0f6ab4;">Request Headers</h4>
          <div class="block request_headers" style="margin: 0; padding: 0; border: 0; font-size: 100%; font: inherit; vertical-align: baseline;"></div>
          <h4 data-sw-translate="" style="border: 0; font: inherit; vertical-align: baseline; margin: 0; padding: 15px 0 5px; font-size: 1.1em; color: #0f6ab4;">Response Body</h4>
          <div class="block response_body" style="margin: 0; padding: 0; border: 0; font-size: 100%; font: inherit; vertical-align: baseline;"></div>
          <h4 data-sw-translate="" style="border: 0; font: inherit; vertical-align: baseline; margin: 0; padding: 15px 0 5px; font-size: 1.1em; color: #0f6ab4;">Response Code</h4>
          <div class="block response_code" style="margin: 0; padding: 0; border: 0; font-size: 100%; font: inherit; vertical-align: baseline;"></div>
          <h4 data-sw-translate="" style="border: 0; font: inherit; vertical-align: baseline; margin: 0; padding: 15px 0 5px; font-size: 1.1em; color: #0f6ab4;">Response Headers</h4>
          <div class="block response_headers" style="margin: 0; padding: 0; border: 0; font-size: 100%; font: inherit; vertical-align: baseline;"></div>
        </div>
      </div>
    </li>
  </ul>
</li></ul>
</li></ul>

  <div class="footer" style="margin: 0; padding: 0; border: 0; font-size: 100%; font: inherit; vertical-align: baseline; margin-top: 20px;">
    <h4 style="margin: 0; padding: 0; border: 0; font-size: 100%; font: inherit; vertical-align: baseline; color: #999;">[ <span style="margin: 0; padding: 0; border: 0; font-size: 100%; font: inherit; vertical-align: baseline; font-variant: small-caps;">base url</span>: 
  , <span style="margin: 0; padding: 0; border: 0; font-size: 100%; font: inherit; vertical-align: baseline; font-variant: small-caps;" data-sw-translate="">api version</span>: 1.0.1
    ]
    </h4>
    </div>
</div>
</div>




</body>