<head>
    <meta charset="UTF-8">
    <title>Swagger UI</title>

    
    
    
    
    
    
    
    
    
    
    
    
    
    
    
    
    



    

</head>

<body class="swagger-section" style="margin: 0; padding: 0; border: 0; font-size: 100%; font: inherit; vertical-align: baseline; line-height: 1;">

<div id="message-bar" class="swagger-ui-wrap message-success" data-sw-translate="" style="margin: 0; border: 0; font-size: 100%; font: inherit; vertical-align: baseline; padding: 0; line-height: 1; font-family: 'Droid Sans', sans-serif; max-width: 960px; margin-left: auto; margin-right: auto; min-height: 30px; text-align: center; padding-top: 10px;"></div>
<div id="swagger-ui-container" class="swagger-ui-wrap" style="vertical-align: baseline; margin: 0; border: 0; font-size: 100%; font: inherit; padding: 0; line-height: 1; font-family: 'Droid Sans', sans-serif; max-width: 960px; margin-left: auto; margin-right: auto;"><div class="info" id="api_info" style="margin: 0; padding: 0; border: 0; font-size: 100%; font: inherit; vertical-align: baseline;">
  <div class="info_title" style="margin: 0; padding: 0; border: 0; font: inherit; vertical-align: baseline; font-size: 25px; padding-bottom: 10px; font-weight: bold;">Test Swagger</div>
  <div class="info_description markdown" style="margin: 0; padding: 0; border: 0; font: inherit; vertical-align: baseline; font-size: 15px; padding-bottom: 10px;"></div>
  
  
  
  
  
</div>
<div class="container" id="resources_container" style="margin: 0; padding: 0; border: 0; font-size: 100%; font: inherit; vertical-align: baseline;">
  <ul id="resources" style="margin: 0; padding: 0; border: 0; font: inherit; vertical-align: baseline; list-style: none; font-size: 0.9em; font-family: 'Droid Sans', sans-serif;"></ul>

  <div class="footer" style="margin: 0; padding: 0; border: 0; font-size: 100%; font: inherit; vertical-align: baseline; margin-top: 20px;">
    <h4 style="margin: 0; padding: 0; border: 0; font-size: 100%; font: inherit; vertical-align: baseline; color: #999;">[ <span style="margin: 0; padding: 0; border: 0; font-size: 100%; font: inherit; vertical-align: baseline; font-variant: small-caps;">base url</span>: 
  , <span style="margin: 0; padding: 0; border: 0; font-size: 100%; font: inherit; vertical-align: baseline; font-variant: small-caps;" data-sw-translate="">api version</span>: 1.0.1
    ]
    </h4>
    </div>
</div>
</div>




</body>